  Ken: creating and embedding the workspace index...
  Ken: workspace index ready.
  Ken: starting the workspace daemon...
  Ken: daemon ready.
  Indexing workspace...
  indexing... 10/163 (6%)
  indexing... 20/163 (12%)
  indexing... 30/163 (18%)
  indexing... 40/163 (24%)
  indexing... 50/163 (30%)
  indexing... 60/163 (36%)
  indexing... 70/163 (42%)
  indexing... 80/163 (49%)
  indexing... 90/163 (55%)
  indexing... 100/163 (61%)
  indexing... 110/163 (67%)
  indexing... 120/163 (73%)
  indexing... 130/163 (79%)
  indexing... 140/163 (85%)
  indexing... 150/163 (92%)
  indexing... 160/163 (98%)
  indexing... 163/163 (100%)
  Index ready: 146 files, 6396 symbols (1829ms, 17 skipped)
Working on your request
Engine: orchestrator (mode: orchestrator) — user_facing_orchestrator_with_scoped_workers
Orchestrator: scoped workers, shared notes and peer messages
  model deciding
  running read_file src/ken/_paths.py [step 1 · total 1]
▸ read_file src/ken/_paths.py  8.8ktk
  (85 lines)
  model deciding [step tools 1 · total 1]
  running team_tool_catalog edit run shell [step 2 · total 2]
▸ team_tool_catalog edit run shell  18.6ktk
  model deciding [step tools 2 · total 2]
  running team_tool_catalog [step 3 · total 3]
▸ team_tool_catalog  28.4ktk
  model deciding [step tools 3 · total 3]
  running team_create_ticket Add must_exist to resolve_project_path and focused tests [step 4 · total 4]
▸ team_create_ticket Add must_exist to resolve_project_path and focused tests  40.8ktk
  model deciding [step tools 4 · total 4]
  running team_delegate Maya [step 5 · total 5]
Maya · Developer: Add must_exist to resolve_project_path and focused tests
▸ team_delegate Maya  53.6ktk
  model deciding [step tools 5 · total 5]
  model deciding [total 0/80]
  running team_idle [step 6 · total 6]
Orchestrator: idle — Waiting for scoped implementation and focused test results.
  running read_file src/ken/_paths.py [step 1 · total 1/80]
  running read_file tests/test_paths.py [step 1 · total 1/80]
  running find_references resolve_project_path [step 1 · total 1/80]
  running read_file pyproject.toml [step 1 · total 1/80]
▸ read_file src/ken/_paths.py  9.5ktk
  (85 lines)
▸ read_file tests/test_paths.py  9.5ktk
  (109 lines)
▸ read_file pyproject.toml  9.5ktk
  (135 lines)
▸ find_references resolve_project_path  9.5ktk
  (7 results)
  model deciding [step tools 4 · total 4/80]
  running edit_file src/ken/_paths.py [step 5 · total 5/80]
▸ edit_file src/ken/_paths.py  23.9ktk
  model deciding [step tools 5 · total 5/80]
  running edit_file src/ken/_paths.py [step 6 · total 6/80]
▸ edit_file src/ken/_paths.py  38.6ktk
  model deciding [step tools 6 · total 6/80]
  running edit_file src/ken/_paths.py [step 7 · total 7/80]
▸ edit_file src/ken/_paths.py  53.4ktk
  model deciding [step tools 7 · total 7/80]
  model deciding [step tools 7 · total 7/80]
  model deciding [total 7/80]
