  Ken: creating and embedding the workspace index...
  Ken: workspace index ready.
  Ken: starting the workspace daemon...
  Ken: daemon ready.
  Indexing workspace...
  indexing... 10/163 (6%)
  indexing... 20/163 (12%)
  indexing... 30/163 (18%)
  indexing... 40/163 (24%)
  indexing... 50/163 (30%)
  indexing... 60/163 (36%)
  indexing... 70/163 (42%)
  indexing... 80/163 (49%)
  indexing... 90/163 (55%)
  indexing... 100/163 (61%)
  indexing... 110/163 (67%)
  indexing... 120/163 (73%)
  indexing... 130/163 (79%)
  indexing... 140/163 (85%)
  indexing... 150/163 (92%)
  indexing... 160/163 (98%)
  indexing... 163/163 (100%)
  Index ready: 146 files, 6396 symbols (1919ms, 17 skipped)
Working on your request
Engine: orchestrator (mode: orchestrator) — user_facing_orchestrator_with_scoped_workers
Orchestrator: scoped workers, shared notes and peer messages
  model deciding
  running read_file src/ken/_paths.py [step 1 · total 1]
▸ read_file src/ken/_paths.py  8.8ktk
  (85 lines)
  model deciding [step tools 1 · total 1]
  running team_tool_catalog edit_file run_command add_step [step 2 · total 2]
▸ team_tool_catalog edit_file run_command add_step  18.5ktk
  model deciding [step tools 2 · total 2]
  running team_tool_catalog [step 3 · total 3]
▸ team_tool_catalog  28.3ktk
  model deciding [step tools 3 · total 3]
  running team_create_ticket Add socket_path helper and focused path tests [step 4 · total 4]
▸ team_create_ticket Add socket_path helper and focused path tests  40.6ktk
  model deciding [step tools 4 · total 4]
  running team_delegate Maya [step 5 · total 5]
Maya · Developer: Add socket_path helper and focused path tests
▸ team_delegate Maya  53.4ktk
  model deciding [step tools 5 · total 5]
  model deciding [total 0/80]
  running read_file src/ken/_paths.py [step 1 · total 1/80]
▸ read_file src/ken/_paths.py  8.8ktk
  (85 lines)
  model deciding [step tools 1 · total 1/80]
  model deciding [step tools 5 · total 5]
  running read_file tests/test_paths.py [step 2 · total 2/80]
▸ read_file tests/test_paths.py  18.5ktk
  (109 lines)
  model deciding [step tools 2 · total 2/80]
  running team_idle [step 6 · total 6]
Orchestrator: idle — Await minimal implementation and focused test evidence.
  running edit_file src/ken/_paths.py [step 3 · total 3/80]
▸ edit_file src/ken/_paths.py  29.6ktk
  model deciding [step tools 3 · total 3/80]
  running edit_file tests/test_paths.py [step 4 · total 4/80]
▸ edit_file tests/test_paths.py  41.2ktk
  model deciding [step tools 4 · total 4/80]
  running execute_command PYTHONDONTWRITEBYTECODE=1 python -m pytest tests/test_paths.py -q --basetemp=... [step 5 · total 5/80]
▸ execute_command PYTHONDONTWRITEBYTECODE=1 python -m pytest tests/test_paths.py -q --basetemp=...  53.0ktk
  ✗ exit 127
  /bin/bash: python: command not found
  model deciding [step tools 5 · total 5/80]
  running execute_command PYTHONDONTWRITEBYTECODE=1 python3 -m pytest tests/test_paths.py -q --basetemp... [step 6 · total 6/80]
▸ execute_command PYTHONDONTWRITEBYTECODE=1 python3 -m pytest tests/test_paths.py -q --basetemp...  65.1ktk
  ✗ exit 1
  /opt/homebrew/opt/python@3.14/bin/python3.14: No module named pytest
  model deciding [step tools 6 · total 6/80]
  running execute_command ls -d .venv*; command -v pytest; command -v uv; ls [step 7 · total 7/80]
▸ execute_command ls -d .venv*; command -v pytest; command -v uv; ls  77.3ktk
  ✓ exit 0
  … 9 earlier lines
  RELEASING.md
  src
  tests
  uv.lock
  model deciding [step tools 7 · total 7/80]
  running read_file pyproject.toml [step 8 · total 8/80]
▸ read_file pyproject.toml  89.6ktk
  (135 lines)
  model deciding [step tools 8 · total 8/80]
  running execute_command UV_CACHE_DIR="$PWD/.uv-cache" UV_PYTHON_DOWNLOADS=never PYTHONDONTWRITEBYTECO... [step 9 · total 9/80]
▸ execute_command UV_CACHE_DIR="$PWD/.uv-cache" UV_PYTHON_DOWNLOADS=never PYTHONDONTWRITEBYTECO...  104.1ktk
  ✗ exit 2
  … 14 earlier lines
  E   ModuleNotFoundError: No module named 'ken'
  =========================== short test summary info ============================
  ERROR tests/test_paths.py
  !!!!!!!!!!!!!!!!!!!! Interrupted: 1 error during collection !!!!!!!!!!!!!!!!!!!!
  model deciding [step tools 9 · total 9/80]
